[     567ms] [LOG] Angular is running in development mode. @ http://localhost:4200/@fs/Users/alec/Desktop/DentiProMain/.angular/cache/19.2.11/Dental/vite/deps/chunk-6QNI6B3L.js?v=592a6949:15033
[     741ms] [ERROR] Failed to load resource: the server responded with a status of 403 () @ https://api.maptiler.com/maps/streets-v2/style.json?key=:0
[     742ms] [ERROR] pt: AJAXError:  (403): https://api.maptiler.com/maps/streets-v2/style.json?key=
    at http://localhost:4200/@fs/Users/alec/Desktop/DentiProMain/.angular/cache/19.2.11/Dental/vite/deps/maplibre-gl.js?v=592a6949:471:25
    at Generator.next (<anonymous>)
    at a2 (http://localhost:4200/@fs/Users/alec/Desktop/DentiProMain/.angular/cache/19.2.11/Dental/vite/deps/maplibre-gl.js?v=592a6949:39:23)
    at _ZoneDelegate.invoke (http://localhost:4200/polyfills.js:301:158)
    at Object.onInvoke (http://localhost:4200/@fs/Users/alec/Desktop/DentiProMain/.angular/cache/19.2.11/Dental/vite/deps/chunk-6QNI6B3L.js?v=592a6949:5590:25)
    at _ZoneDelegate.invoke (http://localhost:4200/polyfills.js:301:46)
    at ZoneImpl.run (http://localhost:4200/polyfills.js:97:35)
    at http://localhost:4200/polyfills.js:2005:30
    at _ZoneDelegate.invokeTask (http://localhost:4200/polyfills.js:327:171)
    at http://localhost:4200/@fs/Users/alec/Desktop/DentiProMain/.angular/cache/19.2.11/Dental/vite/deps/chunk-6QNI6B3L.js?v=592a6949:5370:49 @ https://eu-assets.i.posthog.com/static/posthog-recorder.js?v=1.364.6:0
[     756ms] [WARNING] NG0913: An image with src http://localhost:4200/logo-new.webp has intrinsic file dimensions much larger than its rendered size. This can negatively impact application loading performance. For more information about addressing or disabling this warning, see https://angular.dev/errors/NG0913. Find more at https://angular.dev/errors/NG0913 @ https://eu-assets.i.posthog.com/static/posthog-recorder.js?v=1.364.6:0
[10080957ms] [LOG] Angular is running in development mode. @ http://localhost:4200/@fs/Users/alec/Desktop/DentiProMain/.angular/cache/19.2.11/Dental/vite/deps/chunk-6QNI6B3L.js?v=592a6949:15033
[10081232ms] [WARNING] NG0913: An image with src http://localhost:4200/logo-new.webp has intrinsic file dimensions much larger than its rendered size. This can negatively impact application loading performance. For more information about addressing or disabling this warning, see https://angular.dev/errors/NG0913. Find more at https://angular.dev/errors/NG0913 @ http://localhost:4200/@fs/Users/alec/Desktop/DentiProMain/.angular/cache/19.2.11/Dental/vite/deps/chunk-6QNI6B3L.js?v=592a6949:23015
[10081367ms] [ERROR] Failed to load resource: the server responded with a status of 403 () @ https://api.maptiler.com/maps/streets-v2/style.json?key=:0
[10081369ms] [ERROR] pt: AJAXError:  (403): https://api.maptiler.com/maps/streets-v2/style.json?key=
    at http://localhost:4200/@fs/Users/alec/Desktop/DentiProMain/.angular/cache/19.2.11/Dental/vite/deps/maplibre-gl.js?v=592a6949:471:25
    at Generator.next (<anonymous>)
    at a2 (http://localhost:4200/@fs/Users/alec/Desktop/DentiProMain/.angular/cache/19.2.11/Dental/vite/deps/maplibre-gl.js?v=592a6949:39:23)
    at _ZoneDelegate.invoke (http://localhost:4200/polyfills.js:301:158)
    at Object.onInvoke (http://localhost:4200/@fs/Users/alec/Desktop/DentiProMain/.angular/cache/19.2.11/Dental/vite/deps/chunk-6QNI6B3L.js?v=592a6949:5590:25)
    at _ZoneDelegate.invoke (http://localhost:4200/polyfills.js:301:46)
    at ZoneImpl.run (http://localhost:4200/polyfills.js:97:35)
    at http://localhost:4200/polyfills.js:2005:30
    at _ZoneDelegate.invokeTask (http://localhost:4200/polyfills.js:327:171)
    at http://localhost:4200/@fs/Users/alec/Desktop/DentiProMain/.angular/cache/19.2.11/Dental/vite/deps/chunk-6QNI6B3L.js?v=592a6949:5370:49 @ https://eu-assets.i.posthog.com/static/posthog-recorder.js?v=1.364.6:0
[10210457ms] [ERROR] Unable to preventDefault inside passive event listener invocation. @ http://localhost:4200/@fs/Users/alec/Desktop/DentiProMain/.angular/cache/19.2.11/Dental/vite/deps/maplibre-gl.js?v=592a6949:25699
[10210490ms] [ERROR] Unable to preventDefault inside passive event listener invocation. @ http://localhost:4200/@fs/Users/alec/Desktop/DentiProMain/.angular/cache/19.2.11/Dental/vite/deps/maplibre-gl.js?v=592a6949:25699
[10210506ms] [ERROR] Unable to preventDefault inside passive event listener invocation. @ http://localhost:4200/@fs/Users/alec/Desktop/DentiProMain/.angular/cache/19.2.11/Dental/vite/deps/maplibre-gl.js?v=592a6949:25699
[10210523ms] [ERROR] Unable to preventDefault inside passive event listener invocation. @ http://localhost:4200/@fs/Users/alec/Desktop/DentiProMain/.angular/cache/19.2.11/Dental/vite/deps/maplibre-gl.js?v=592a6949:25699
[10210539ms] [ERROR] Unable to preventDefault inside passive event listener invocation. @ http://localhost:4200/@fs/Users/alec/Desktop/DentiProMain/.angular/cache/19.2.11/Dental/vite/deps/maplibre-gl.js?v=592a6949:25699
[10210556ms] [ERROR] Unable to preventDefault inside passive event listener invocation. @ http://localhost:4200/@fs/Users/alec/Desktop/DentiProMain/.angular/cache/19.2.11/Dental/vite/deps/maplibre-gl.js?v=592a6949:25699
[10210589ms] [ERROR] Unable to preventDefault inside passive event listener invocation. @ http://localhost:4200/@fs/Users/alec/Desktop/DentiProMain/.angular/cache/19.2.11/Dental/vite/deps/maplibre-gl.js?v=592a6949:25699
[10210607ms] [ERROR] Unable to preventDefault inside passive event listener invocation. @ http://localhost:4200/@fs/Users/alec/Desktop/DentiProMain/.angular/cache/19.2.11/Dental/vite/deps/maplibre-gl.js?v=592a6949:25699
[10210623ms] [ERROR] Unable to preventDefault inside passive event listener invocation. @ http://localhost:4200/@fs/Users/alec/Desktop/DentiProMain/.angular/cache/19.2.11/Dental/vite/deps/maplibre-gl.js?v=592a6949:25699
[10210640ms] [ERROR] Unable to preventDefault inside passive event listener invocation. @ http://localhost:4200/@fs/Users/alec/Desktop/DentiProMain/.angular/cache/19.2.11/Dental/vite/deps/maplibre-gl.js?v=592a6949:25699
[10210656ms] [ERROR] Unable to preventDefault inside passive event listener invocation. @ http://localhost:4200/@fs/Users/alec/Desktop/DentiProMain/.angular/cache/19.2.11/Dental/vite/deps/maplibre-gl.js?v=592a6949:25699
[10210673ms] [ERROR] Unable to preventDefault inside passive event listener invocation. @ http://localhost:4200/@fs/Users/alec/Desktop/DentiProMain/.angular/cache/19.2.11/Dental/vite/deps/maplibre-gl.js?v=592a6949:25699
[10210689ms] [ERROR] Unable to preventDefault inside passive event listener invocation. @ http://localhost:4200/@fs/Users/alec/Desktop/DentiProMain/.angular/cache/19.2.11/Dental/vite/deps/maplibre-gl.js?v=592a6949:25699
[10210706ms] [ERROR] Unable to preventDefault inside passive event listener invocation. @ http://localhost:4200/@fs/Users/alec/Desktop/DentiProMain/.angular/cache/19.2.11/Dental/vite/deps/maplibre-gl.js?v=592a6949:25699
[10210723ms] [ERROR] Unable to preventDefault inside passive event listener invocation. @ http://localhost:4200/@fs/Users/alec/Desktop/DentiProMain/.angular/cache/19.2.11/Dental/vite/deps/maplibre-gl.js?v=592a6949:25699
[10210740ms] [ERROR] Unable to preventDefault inside passive event listener invocation. @ http://localhost:4200/@fs/Users/alec/Desktop/DentiProMain/.angular/cache/19.2.11/Dental/vite/deps/maplibre-gl.js?v=592a6949:25699
[10210756ms] [ERROR] Unable to preventDefault inside passive event listener invocation. @ http://localhost:4200/@fs/Users/alec/Desktop/DentiProMain/.angular/cache/19.2.11/Dental/vite/deps/maplibre-gl.js?v=592a6949:25699
[10210773ms] [ERROR] Unable to preventDefault inside passive event listener invocation. @ http://localhost:4200/@fs/Users/alec/Desktop/DentiProMain/.angular/cache/19.2.11/Dental/vite/deps/maplibre-gl.js?v=592a6949:25699
[10210823ms] [ERROR] Unable to preventDefault inside passive event listener invocation. @ http://localhost:4200/@fs/Users/alec/Desktop/DentiProMain/.angular/cache/19.2.11/Dental/vite/deps/maplibre-gl.js?v=592a6949:25699
[10210856ms] [ERROR] Unable to preventDefault inside passive event listener invocation. @ http://localhost:4200/@fs/Users/alec/Desktop/DentiProMain/.angular/cache/19.2.11/Dental/vite/deps/maplibre-gl.js?v=592a6949:25699
[10210873ms] [ERROR] Unable to preventDefault inside passive event listener invocation. @ http://localhost:4200/@fs/Users/alec/Desktop/DentiProMain/.angular/cache/19.2.11/Dental/vite/deps/maplibre-gl.js?v=592a6949:25699
[10210890ms] [ERROR] Unable to preventDefault inside passive event listener invocation. @ http://localhost:4200/@fs/Users/alec/Desktop/DentiProMain/.angular/cache/19.2.11/Dental/vite/deps/maplibre-gl.js?v=592a6949:25699
[10210906ms] [ERROR] Unable to preventDefault inside passive event listener invocation. @ http://localhost:4200/@fs/Users/alec/Desktop/DentiProMain/.angular/cache/19.2.11/Dental/vite/deps/maplibre-gl.js?v=592a6949:25699
[10210923ms] [ERROR] Unable to preventDefault inside passive event listener invocation. @ http://localhost:4200/@fs/Users/alec/Desktop/DentiProMain/.angular/cache/19.2.11/Dental/vite/deps/maplibre-gl.js?v=592a6949:25699
[10210940ms] [ERROR] Unable to preventDefault inside passive event listener invocation. @ http://localhost:4200/@fs/Users/alec/Desktop/DentiProMain/.angular/cache/19.2.11/Dental/vite/deps/maplibre-gl.js?v=592a6949:25699
[10210956ms] [ERROR] Unable to preventDefault inside passive event listener invocation. @ http://localhost:4200/@fs/Users/alec/Desktop/DentiProMain/.angular/cache/19.2.11/Dental/vite/deps/maplibre-gl.js?v=592a6949:25699
[10210973ms] [ERROR] Unable to preventDefault inside passive event listener invocation. @ http://localhost:4200/@fs/Users/alec/Desktop/DentiProMain/.angular/cache/19.2.11/Dental/vite/deps/maplibre-gl.js?v=592a6949:25699
[10210990ms] [ERROR] Unable to preventDefault inside passive event listener invocation. @ http://localhost:4200/@fs/Users/alec/Desktop/DentiProMain/.angular/cache/19.2.11/Dental/vite/deps/maplibre-gl.js?v=592a6949:25699
[10211006ms] [ERROR] Unable to preventDefault inside passive event listener invocation. @ http://localhost:4200/@fs/Users/alec/Desktop/DentiProMain/.angular/cache/19.2.11/Dental/vite/deps/maplibre-gl.js?v=592a6949:25699
[10211022ms] [ERROR] Unable to preventDefault inside passive event listener invocation. @ http://localhost:4200/@fs/Users/alec/Desktop/DentiProMain/.angular/cache/19.2.11/Dental/vite/deps/maplibre-gl.js?v=592a6949:25699
[10211040ms] [ERROR] Unable to preventDefault inside passive event listener invocation. @ http://localhost:4200/@fs/Users/alec/Desktop/DentiProMain/.angular/cache/19.2.11/Dental/vite/deps/maplibre-gl.js?v=592a6949:25699
[10211056ms] [ERROR] Unable to preventDefault inside passive event listener invocation. @ http://localhost:4200/@fs/Users/alec/Desktop/DentiProMain/.angular/cache/19.2.11/Dental/vite/deps/maplibre-gl.js?v=592a6949:25699
[10211073ms] [ERROR] Unable to preventDefault inside passive event listener invocation. @ http://localhost:4200/@fs/Users/alec/Desktop/DentiProMain/.angular/cache/19.2.11/Dental/vite/deps/maplibre-gl.js?v=592a6949:25699
[10211090ms] [ERROR] Unable to preventDefault inside passive event listener invocation. @ http://localhost:4200/@fs/Users/alec/Desktop/DentiProMain/.angular/cache/19.2.11/Dental/vite/deps/maplibre-gl.js?v=592a6949:25699
[10211106ms] [ERROR] Unable to preventDefault inside passive event listener invocation. @ http://localhost:4200/@fs/Users/alec/Desktop/DentiProMain/.angular/cache/19.2.11/Dental/vite/deps/maplibre-gl.js?v=592a6949:25699
[10211123ms] [ERROR] Unable to preventDefault inside passive event listener invocation. @ http://localhost:4200/@fs/Users/alec/Desktop/DentiProMain/.angular/cache/19.2.11/Dental/vite/deps/maplibre-gl.js?v=592a6949:25699
[10211139ms] [ERROR] Unable to preventDefault inside passive event listener invocation. @ http://localhost:4200/@fs/Users/alec/Desktop/DentiProMain/.angular/cache/19.2.11/Dental/vite/deps/maplibre-gl.js?v=592a6949:25699
[10211156ms] [ERROR] Unable to preventDefault inside passive event listener invocation. @ http://localhost:4200/@fs/Users/alec/Desktop/DentiProMain/.angular/cache/19.2.11/Dental/vite/deps/maplibre-gl.js?v=592a6949:25699
[10211173ms] [ERROR] Unable to preventDefault inside passive event listener invocation. @ http://localhost:4200/@fs/Users/alec/Desktop/DentiProMain/.angular/cache/19.2.11/Dental/vite/deps/maplibre-gl.js?v=592a6949:25699
[10211190ms] [ERROR] Unable to preventDefault inside passive event listener invocation. @ http://localhost:4200/@fs/Users/alec/Desktop/DentiProMain/.angular/cache/19.2.11/Dental/vite/deps/maplibre-gl.js?v=592a6949:25699
[10211206ms] [ERROR] Unable to preventDefault inside passive event listener invocation. @ http://localhost:4200/@fs/Users/alec/Desktop/DentiProMain/.angular/cache/19.2.11/Dental/vite/deps/maplibre-gl.js?v=592a6949:25699
[10211222ms] [ERROR] Unable to preventDefault inside passive event listener invocation. @ http://localhost:4200/@fs/Users/alec/Desktop/DentiProMain/.angular/cache/19.2.11/Dental/vite/deps/maplibre-gl.js?v=592a6949:25699
[10211240ms] [ERROR] Unable to preventDefault inside passive event listener invocation. @ http://localhost:4200/@fs/Users/alec/Desktop/DentiProMain/.angular/cache/19.2.11/Dental/vite/deps/maplibre-gl.js?v=592a6949:25699
[10211256ms] [ERROR] Unable to preventDefault inside passive event listener invocation. @ http://localhost:4200/@fs/Users/alec/Desktop/DentiProMain/.angular/cache/19.2.11/Dental/vite/deps/maplibre-gl.js?v=592a6949:25699
[10211273ms] [ERROR] Unable to preventDefault inside passive event listener invocation. @ http://localhost:4200/@fs/Users/alec/Desktop/DentiProMain/.angular/cache/19.2.11/Dental/vite/deps/maplibre-gl.js?v=592a6949:25699
[10211290ms] [ERROR] Unable to preventDefault inside passive event listener invocation. @ http://localhost:4200/@fs/Users/alec/Desktop/DentiProMain/.angular/cache/19.2.11/Dental/vite/deps/maplibre-gl.js?v=592a6949:25699
[10211307ms] [ERROR] Unable to preventDefault inside passive event listener invocation. @ http://localhost:4200/@fs/Users/alec/Desktop/DentiProMain/.angular/cache/19.2.11/Dental/vite/deps/maplibre-gl.js?v=592a6949:25699
[10211323ms] [ERROR] Unable to preventDefault inside passive event listener invocation. @ http://localhost:4200/@fs/Users/alec/Desktop/DentiProMain/.angular/cache/19.2.11/Dental/vite/deps/maplibre-gl.js?v=592a6949:25699
[10211340ms] [ERROR] Unable to preventDefault inside passive event listener invocation. @ http://localhost:4200/@fs/Users/alec/Desktop/DentiProMain/.angular/cache/19.2.11/Dental/vite/deps/maplibre-gl.js?v=592a6949:25699
[10211356ms] [ERROR] Unable to preventDefault inside passive event listener invocation. @ http://localhost:4200/@fs/Users/alec/Desktop/DentiProMain/.angular/cache/19.2.11/Dental/vite/deps/maplibre-gl.js?v=592a6949:25699
[10211373ms] [ERROR] Unable to preventDefault inside passive event listener invocation. @ http://localhost:4200/@fs/Users/alec/Desktop/DentiProMain/.angular/cache/19.2.11/Dental/vite/deps/maplibre-gl.js?v=592a6949:25699
[10211390ms] [ERROR] Unable to preventDefault inside passive event listener invocation. @ http://localhost:4200/@fs/Users/alec/Desktop/DentiProMain/.angular/cache/19.2.11/Dental/vite/deps/maplibre-gl.js?v=592a6949:25699
[10211406ms] [ERROR] Unable to preventDefault inside passive event listener invocation. @ http://localhost:4200/@fs/Users/alec/Desktop/DentiProMain/.angular/cache/19.2.11/Dental/vite/deps/maplibre-gl.js?v=592a6949:25699
[10211423ms] [ERROR] Unable to preventDefault inside passive event listener invocation. @ http://localhost:4200/@fs/Users/alec/Desktop/DentiProMain/.angular/cache/19.2.11/Dental/vite/deps/maplibre-gl.js?v=592a6949:25699
[10211440ms] [ERROR] Unable to preventDefault inside passive event listener invocation. @ http://localhost:4200/@fs/Users/alec/Desktop/DentiProMain/.angular/cache/19.2.11/Dental/vite/deps/maplibre-gl.js?v=592a6949:25699
[10211456ms] [ERROR] Unable to preventDefault inside passive event listener invocation. @ http://localhost:4200/@fs/Users/alec/Desktop/DentiProMain/.angular/cache/19.2.11/Dental/vite/deps/maplibre-gl.js?v=592a6949:25699
[10211472ms] [ERROR] Unable to preventDefault inside passive event listener invocation. @ http://localhost:4200/@fs/Users/alec/Desktop/DentiProMain/.angular/cache/19.2.11/Dental/vite/deps/maplibre-gl.js?v=592a6949:25699
[10211490ms] [ERROR] Unable to preventDefault inside passive event listener invocation. @ http://localhost:4200/@fs/Users/alec/Desktop/DentiProMain/.angular/cache/19.2.11/Dental/vite/deps/maplibre-gl.js?v=592a6949:25699
[10211507ms] [ERROR] Unable to preventDefault inside passive event listener invocation. @ http://localhost:4200/@fs/Users/alec/Desktop/DentiProMain/.angular/cache/19.2.11/Dental/vite/deps/maplibre-gl.js?v=592a6949:25699
[10211523ms] [ERROR] Unable to preventDefault inside passive event listener invocation. @ http://localhost:4200/@fs/Users/alec/Desktop/DentiProMain/.angular/cache/19.2.11/Dental/vite/deps/maplibre-gl.js?v=592a6949:25699
[10211540ms] [ERROR] Unable to preventDefault inside passive event listener invocation. @ http://localhost:4200/@fs/Users/alec/Desktop/DentiProMain/.angular/cache/19.2.11/Dental/vite/deps/maplibre-gl.js?v=592a6949:25699
[10211556ms] [ERROR] Unable to preventDefault inside passive event listener invocation. @ http://localhost:4200/@fs/Users/alec/Desktop/DentiProMain/.angular/cache/19.2.11/Dental/vite/deps/maplibre-gl.js?v=592a6949:25699
[10211573ms] [ERROR] Unable to preventDefault inside passive event listener invocation. @ http://localhost:4200/@fs/Users/alec/Desktop/DentiProMain/.angular/cache/19.2.11/Dental/vite/deps/maplibre-gl.js?v=592a6949:25699
[10211590ms] [ERROR] Unable to preventDefault inside passive event listener invocation. @ http://localhost:4200/@fs/Users/alec/Desktop/DentiProMain/.angular/cache/19.2.11/Dental/vite/deps/maplibre-gl.js?v=592a6949:25699
[10211606ms] [ERROR] Unable to preventDefault inside passive event listener invocation. @ http://localhost:4200/@fs/Users/alec/Desktop/DentiProMain/.angular/cache/19.2.11/Dental/vite/deps/maplibre-gl.js?v=592a6949:25699
[10211623ms] [ERROR] Unable to preventDefault inside passive event listener invocation. @ http://localhost:4200/@fs/Users/alec/Desktop/DentiProMain/.angular/cache/19.2.11/Dental/vite/deps/maplibre-gl.js?v=592a6949:25699
[10211640ms] [ERROR] Unable to preventDefault inside passive event listener invocation. @ http://localhost:4200/@fs/Users/alec/Desktop/DentiProMain/.angular/cache/19.2.11/Dental/vite/deps/maplibre-gl.js?v=592a6949:25699
[10211673ms] [ERROR] Unable to preventDefault inside passive event listener invocation. @ http://localhost:4200/@fs/Users/alec/Desktop/DentiProMain/.angular/cache/19.2.11/Dental/vite/deps/maplibre-gl.js?v=592a6949:25699
[10211707ms] [ERROR] Unable to preventDefault inside passive event listener invocation. @ http://localhost:4200/@fs/Users/alec/Desktop/DentiProMain/.angular/cache/19.2.11/Dental/vite/deps/maplibre-gl.js?v=592a6949:25699
[10211723ms] [ERROR] Unable to preventDefault inside passive event listener invocation. @ http://localhost:4200/@fs/Users/alec/Desktop/DentiProMain/.angular/cache/19.2.11/Dental/vite/deps/maplibre-gl.js?v=592a6949:25699
[10211740ms] [ERROR] Unable to preventDefault inside passive event listener invocation. @ http://localhost:4200/@fs/Users/alec/Desktop/DentiProMain/.angular/cache/19.2.11/Dental/vite/deps/maplibre-gl.js?v=592a6949:25699
[10211756ms] [ERROR] Unable to preventDefault inside passive event listener invocation. @ http://localhost:4200/@fs/Users/alec/Desktop/DentiProMain/.angular/cache/19.2.11/Dental/vite/deps/maplibre-gl.js?v=592a6949:25699
[10211773ms] [ERROR] Unable to preventDefault inside passive event listener invocation. @ http://localhost:4200/@fs/Users/alec/Desktop/DentiProMain/.angular/cache/19.2.11/Dental/vite/deps/maplibre-gl.js?v=592a6949:25699
[10211790ms] [ERROR] Unable to preventDefault inside passive event listener invocation. @ http://localhost:4200/@fs/Users/alec/Desktop/DentiProMain/.angular/cache/19.2.11/Dental/vite/deps/maplibre-gl.js?v=592a6949:25699
[10211806ms] [ERROR] Unable to preventDefault inside passive event listener invocation. @ http://localhost:4200/@fs/Users/alec/Desktop/DentiProMain/.angular/cache/19.2.11/Dental/vite/deps/maplibre-gl.js?v=592a6949:25699
[10211823ms] [ERROR] Unable to preventDefault inside passive event listener invocation. @ http://localhost:4200/@fs/Users/alec/Desktop/DentiProMain/.angular/cache/19.2.11/Dental/vite/deps/maplibre-gl.js?v=592a6949:25699
[10211840ms] [ERROR] Unable to preventDefault inside passive event listener invocation. @ http://localhost:4200/@fs/Users/alec/Desktop/DentiProMain/.angular/cache/19.2.11/Dental/vite/deps/maplibre-gl.js?v=592a6949:25699
[10211856ms] [ERROR] Unable to preventDefault inside passive event listener invocation. @ http://localhost:4200/@fs/Users/alec/Desktop/DentiProMain/.angular/cache/19.2.11/Dental/vite/deps/maplibre-gl.js?v=592a6949:25699
[10211873ms] [ERROR] Unable to preventDefault inside passive event listener invocation. @ http://localhost:4200/@fs/Users/alec/Desktop/DentiProMain/.angular/cache/19.2.11/Dental/vite/deps/maplibre-gl.js?v=592a6949:25699
[10211890ms] [ERROR] Unable to preventDefault inside passive event listener invocation. @ http://localhost:4200/@fs/Users/alec/Desktop/DentiProMain/.angular/cache/19.2.11/Dental/vite/deps/maplibre-gl.js?v=592a6949:25699
[10211905ms] [ERROR] Unable to preventDefault inside passive event listener invocation. @ http://localhost:4200/@fs/Users/alec/Desktop/DentiProMain/.angular/cache/19.2.11/Dental/vite/deps/maplibre-gl.js?v=592a6949:25699
[10211923ms] [ERROR] Unable to preventDefault inside passive event listener invocation. @ http://localhost:4200/@fs/Users/alec/Desktop/DentiProMain/.angular/cache/19.2.11/Dental/vite/deps/maplibre-gl.js?v=592a6949:25699
[10211940ms] [ERROR] Unable to preventDefault inside passive event listener invocation. @ http://localhost:4200/@fs/Users/alec/Desktop/DentiProMain/.angular/cache/19.2.11/Dental/vite/deps/maplibre-gl.js?v=592a6949:25699
[10211956ms] [ERROR] Unable to preventDefault inside passive event listener invocation. @ http://localhost:4200/@fs/Users/alec/Desktop/DentiProMain/.angular/cache/19.2.11/Dental/vite/deps/maplibre-gl.js?v=592a6949:25699
[10211973ms] [ERROR] Unable to preventDefault inside passive event listener invocation. @ http://localhost:4200/@fs/Users/alec/Desktop/DentiProMain/.angular/cache/19.2.11/Dental/vite/deps/maplibre-gl.js?v=592a6949:25699
[10211990ms] [ERROR] Unable to preventDefault inside passive event listener invocation. @ http://localhost:4200/@fs/Users/alec/Desktop/DentiProMain/.angular/cache/19.2.11/Dental/vite/deps/maplibre-gl.js?v=592a6949:25699
[10212006ms] [ERROR] Unable to preventDefault inside passive event listener invocation. @ http://localhost:4200/@fs/Users/alec/Desktop/DentiProMain/.angular/cache/19.2.11/Dental/vite/deps/maplibre-gl.js?v=592a6949:25699
[10212023ms] [ERROR] Unable to preventDefault inside passive event listener invocation. @ http://localhost:4200/@fs/Users/alec/Desktop/DentiProMain/.angular/cache/19.2.11/Dental/vite/deps/maplibre-gl.js?v=592a6949:25699
[10212040ms] [ERROR] Unable to preventDefault inside passive event listener invocation. @ http://localhost:4200/@fs/Users/alec/Desktop/DentiProMain/.angular/cache/19.2.11/Dental/vite/deps/maplibre-gl.js?v=592a6949:25699
[10212056ms] [ERROR] Unable to preventDefault inside passive event listener invocation. @ http://localhost:4200/@fs/Users/alec/Desktop/DentiProMain/.angular/cache/19.2.11/Dental/vite/deps/maplibre-gl.js?v=592a6949:25699
[10212240ms] [ERROR] Unable to preventDefault inside passive event listener invocation. @ http://localhost:4200/@fs/Users/alec/Desktop/DentiProMain/.angular/cache/19.2.11/Dental/vite/deps/maplibre-gl.js?v=592a6949:25699
[10279288ms] [LOG] Angular is running in development mode. @ http://localhost:4200/@fs/Users/alec/Desktop/DentiProMain/.angular/cache/19.2.11/Dental/vite/deps/chunk-6QNI6B3L.js?v=592a6949:15033
[10279463ms] [WARNING] NG0913: An image with src http://localhost:4200/logo-new.webp has intrinsic file dimensions much larger than its rendered size. This can negatively impact application loading performance. For more information about addressing or disabling this warning, see https://angular.dev/errors/NG0913. Find more at https://angular.dev/errors/NG0913 @ https://eu-assets.i.posthog.com/static/posthog-recorder.js?v=1.364.6:0
