[     525ms] [LOG] Angular is running in development mode. @ http://localhost:4200/@fs/Users/alec/Desktop/DentiProMain/.angular/cache/19.2.11/Dental/vite/deps/chunk-6QNI6B3L.js?v=592a6949:15033
[     710ms] [WARNING] NG0913: An image with src http://localhost:4200/logo-new.webp has intrinsic file dimensions much larger than its rendered size. This can negatively impact application loading performance. For more information about addressing or disabling this warning, see https://angular.dev/errors/NG0913. Find more at https://angular.dev/errors/NG0913 @ https://eu-assets.i.posthog.com/static/posthog-recorder.js?v=1.364.6:0
[     924ms] [ERROR] Failed to load resource: the server responded with a status of 500 () @ https://www.dentipro.ro/api/reviews/clinic/115:0
[     970ms] [ERROR] Failed to load resource: the server responded with a status of 403 () @ https://api.maptiler.com/geocoding/26.035111,44.918803.json?key=&language=ro:0
[     971ms] [ERROR] ERROR HttpErrorResponse @ https://eu-assets.i.posthog.com/static/posthog-recorder.js?v=1.364.6:0
[    1813ms] [ERROR] Failed to load resource: the server responded with a status of 403 () @ https://api.maptiler.com/maps/streets-v2/style.json?key=:0
[    1814ms] [ERROR] pt: AJAXError:  (403): https://api.maptiler.com/maps/streets-v2/style.json?key=
    at http://localhost:4200/@fs/Users/alec/Desktop/DentiProMain/.angular/cache/19.2.11/Dental/vite/deps/maplibre-gl.js?v=592a6949:471:25
    at Generator.next (<anonymous>)
    at a2 (http://localhost:4200/@fs/Users/alec/Desktop/DentiProMain/.angular/cache/19.2.11/Dental/vite/deps/maplibre-gl.js?v=592a6949:39:23)
    at _ZoneDelegate.invoke (http://localhost:4200/polyfills.js:301:158)
    at ZoneImpl.run (http://localhost:4200/polyfills.js:97:35)
    at http://localhost:4200/polyfills.js:2005:30
    at _ZoneDelegate.invokeTask (http://localhost:4200/polyfills.js:327:171)
    at ZoneImpl.runTask (http://localhost:4200/polyfills.js:135:37)
    at drainMicroTaskQueue (http://localhost:4200/polyfills.js:482:23) @ https://eu-assets.i.posthog.com/static/posthog-recorder.js?v=1.364.6:0
[   75869ms] [LOG] Angular is running in development mode. @ http://localhost:4200/@fs/Users/alec/Desktop/DentiProMain/.angular/cache/19.2.11/Dental/vite/deps/chunk-6QNI6B3L.js?v=592a6949:15033
[   76065ms] [WARNING] NG0913: An image with src http://localhost:4200/logo-new.webp has intrinsic file dimensions much larger than its rendered size. This can negatively impact application loading performance. For more information about addressing or disabling this warning, see https://angular.dev/errors/NG0913. Find more at https://angular.dev/errors/NG0913 @ https://eu-assets.i.posthog.com/static/posthog-recorder.js?v=1.364.6:0
[   76464ms] [ERROR] Failed to load resource: the server responded with a status of 500 () @ https://www.dentipro.ro/api/reviews/clinic/115:0
[   77147ms] [ERROR] Failed to load resource: the server responded with a status of 403 () @ https://api.maptiler.com/geocoding/26.035111,44.918803.json?key=&language=ro:0
[   77170ms] [ERROR] ERROR HttpErrorResponse @ https://eu-assets.i.posthog.com/static/posthog-recorder.js?v=1.364.6:0
[   77528ms] [ERROR] Failed to load resource: the server responded with a status of 403 () @ https://api.maptiler.com/maps/streets-v2/style.json?key=:0
[   77532ms] [ERROR] pt: AJAXError:  (403): https://api.maptiler.com/maps/streets-v2/style.json?key=
    at http://localhost:4200/@fs/Users/alec/Desktop/DentiProMain/.angular/cache/19.2.11/Dental/vite/deps/maplibre-gl.js?v=592a6949:471:25
    at Generator.next (<anonymous>)
    at a2 (http://localhost:4200/@fs/Users/alec/Desktop/DentiProMain/.angular/cache/19.2.11/Dental/vite/deps/maplibre-gl.js?v=592a6949:39:23)
    at _ZoneDelegate.invoke (http://localhost:4200/polyfills.js:301:158)
    at ZoneImpl.run (http://localhost:4200/polyfills.js:97:35)
    at http://localhost:4200/polyfills.js:2005:30
    at _ZoneDelegate.invokeTask (http://localhost:4200/polyfills.js:327:171)
    at ZoneImpl.runTask (http://localhost:4200/polyfills.js:135:37)
    at drainMicroTaskQueue (http://localhost:4200/polyfills.js:482:23) @ https://eu-assets.i.posthog.com/static/posthog-recorder.js?v=1.364.6:0
[   79242ms] [LOG] Angular is running in development mode. @ http://localhost:4200/@fs/Users/alec/Desktop/DentiProMain/.angular/cache/19.2.11/Dental/vite/deps/chunk-6QNI6B3L.js?v=592a6949:15033
[   79426ms] [WARNING] NG0913: An image with src http://localhost:4200/logo-new.webp has intrinsic file dimensions much larger than its rendered size. This can negatively impact application loading performance. For more information about addressing or disabling this warning, see https://angular.dev/errors/NG0913. Find more at https://angular.dev/errors/NG0913 @ https://eu-assets.i.posthog.com/static/posthog-recorder.js?v=1.364.6:0
[   79569ms] [ERROR] Failed to load resource: the server responded with a status of 500 () @ https://www.dentipro.ro/api/reviews/clinic/115:0
[   79817ms] [ERROR] Failed to load resource: the server responded with a status of 403 () @ https://api.maptiler.com/geocoding/26.035111,44.918803.json?key=&language=ro:0
[   79818ms] [ERROR] ERROR HttpErrorResponse @ https://eu-assets.i.posthog.com/static/posthog-recorder.js?v=1.364.6:0
[   79980ms] [ERROR] Failed to load resource: the server responded with a status of 403 () @ https://api.maptiler.com/maps/streets-v2/style.json?key=:0
[   79981ms] [ERROR] pt: AJAXError:  (403): https://api.maptiler.com/maps/streets-v2/style.json?key=
    at http://localhost:4200/@fs/Users/alec/Desktop/DentiProMain/.angular/cache/19.2.11/Dental/vite/deps/maplibre-gl.js?v=592a6949:471:25
    at Generator.next (<anonymous>)
    at a2 (http://localhost:4200/@fs/Users/alec/Desktop/DentiProMain/.angular/cache/19.2.11/Dental/vite/deps/maplibre-gl.js?v=592a6949:39:23)
    at _ZoneDelegate.invoke (http://localhost:4200/polyfills.js:301:158)
    at ZoneImpl.run (http://localhost:4200/polyfills.js:97:35)
    at http://localhost:4200/polyfills.js:2005:30
    at _ZoneDelegate.invokeTask (http://localhost:4200/polyfills.js:327:171)
    at ZoneImpl.runTask (http://localhost:4200/polyfills.js:135:37)
    at drainMicroTaskQueue (http://localhost:4200/polyfills.js:482:23) @ https://eu-assets.i.posthog.com/static/posthog-recorder.js?v=1.364.6:0
