[     545ms] [ERROR] Access to XMLHttpRequest at 'https://www.dentipro.ro/api/config/maps' from origin 'http://localhost:4200' has been blocked by CORS policy: No 'Access-Control-Allow-Origin' header is present on the requested resource. @ http://localhost:4200/:0
[     557ms] [LOG] Angular is running in development mode. @ http://localhost:4200/@fs/Users/alec/Desktop/DentiProMain/.angular/cache/19.2.11/Dental/vite/deps/chunk-6QNI6B3L.js?v=592a6949:15033
[     560ms] [ERROR] Failed to load resource: net::ERR_FAILED @ https://www.dentipro.ro/api/config/maps:0
[     748ms] [WARNING] NG0913: An image with src http://localhost:4200/logo-new.webp has intrinsic file dimensions much larger than its rendered size. This can negatively impact application loading performance. For more information about addressing or disabling this warning, see https://angular.dev/errors/NG0913. Find more at https://angular.dev/errors/NG0913 @ https://eu-assets.i.posthog.com/static/posthog-recorder.js?v=1.364.6:0
[     748ms] [WARNING] NG0913: An image with src http://localhost:4200/logo-new.webp has intrinsic file dimensions much larger than its rendered size. This can negatively impact application loading performance. For more information about addressing or disabling this warning, see https://angular.dev/errors/NG0913. Find more at https://angular.dev/errors/NG0913 @ https://eu-assets.i.posthog.com/static/posthog-recorder.js?v=1.364.6:0
[   87604ms] [ERROR] Access to XMLHttpRequest at 'https://www.dentipro.ro/api/config/maps' from origin 'http://localhost:4200' has been blocked by CORS policy: No 'Access-Control-Allow-Origin' header is present on the requested resource. @ http://localhost:4200/:0
[   87628ms] [LOG] Angular is running in development mode. @ http://localhost:4200/@fs/Users/alec/Desktop/DentiProMain/.angular/cache/19.2.11/Dental/vite/deps/chunk-6QNI6B3L.js?v=592a6949:15033
[   87630ms] [ERROR] Failed to load resource: net::ERR_FAILED @ https://www.dentipro.ro/api/config/maps:0
[   87808ms] [WARNING] NG0913: An image with src http://localhost:4200/logo-new.webp has intrinsic file dimensions much larger than its rendered size. This can negatively impact application loading performance. For more information about addressing or disabling this warning, see https://angular.dev/errors/NG0913. Find more at https://angular.dev/errors/NG0913 @ https://eu-assets.i.posthog.com/static/posthog-recorder.js?v=1.364.6:0
[   87809ms] [WARNING] NG0913: An image with src http://localhost:4200/logo-new.webp has intrinsic file dimensions much larger than its rendered size. This can negatively impact application loading performance. For more information about addressing or disabling this warning, see https://angular.dev/errors/NG0913. Find more at https://angular.dev/errors/NG0913 @ https://eu-assets.i.posthog.com/static/posthog-recorder.js?v=1.364.6:0
[   97073ms] [ERROR] Access to XMLHttpRequest at 'https://www.dentipro.ro/api/config/maps' from origin 'http://localhost:4200' has been blocked by CORS policy: No 'Access-Control-Allow-Origin' header is present on the requested resource. @ http://localhost:4200/:0
[   97090ms] [LOG] Angular is running in development mode. @ http://localhost:4200/@fs/Users/alec/Desktop/DentiProMain/.angular/cache/19.2.11/Dental/vite/deps/chunk-6QNI6B3L.js?v=592a6949:15033
[   97092ms] [ERROR] Failed to load resource: net::ERR_FAILED @ https://www.dentipro.ro/api/config/maps:0
[   97275ms] [WARNING] NG0913: An image with src http://localhost:4200/logo-new.webp has intrinsic file dimensions much larger than its rendered size. This can negatively impact application loading performance. For more information about addressing or disabling this warning, see https://angular.dev/errors/NG0913. Find more at https://angular.dev/errors/NG0913 @ https://eu-assets.i.posthog.com/static/posthog-recorder.js?v=1.364.6:0
[   97275ms] [WARNING] NG0913: An image with src http://localhost:4200/logo-new.webp has intrinsic file dimensions much larger than its rendered size. This can negatively impact application loading performance. For more information about addressing or disabling this warning, see https://angular.dev/errors/NG0913. Find more at https://angular.dev/errors/NG0913 @ https://eu-assets.i.posthog.com/static/posthog-recorder.js?v=1.364.6:0
[  105948ms] [ERROR] Access to XMLHttpRequest at 'https://www.dentipro.ro/api/config/maps' from origin 'http://localhost:4200' has been blocked by CORS policy: No 'Access-Control-Allow-Origin' header is present on the requested resource. @ http://localhost:4200/:0
[  105961ms] [LOG] Angular is running in development mode. @ http://localhost:4200/@fs/Users/alec/Desktop/DentiProMain/.angular/cache/19.2.11/Dental/vite/deps/chunk-6QNI6B3L.js?v=592a6949:15033
[  105962ms] [ERROR] Failed to load resource: net::ERR_FAILED @ https://www.dentipro.ro/api/config/maps:0
[  106150ms] [WARNING] NG0913: An image with src http://localhost:4200/logo-new.webp has intrinsic file dimensions much larger than its rendered size. This can negatively impact application loading performance. For more information about addressing or disabling this warning, see https://angular.dev/errors/NG0913. Find more at https://angular.dev/errors/NG0913 @ https://eu-assets.i.posthog.com/static/posthog-recorder.js?v=1.364.6:0
[  106151ms] [WARNING] NG0913: An image with src http://localhost:4200/logo-new.webp has intrinsic file dimensions much larger than its rendered size. This can negatively impact application loading performance. For more information about addressing or disabling this warning, see https://angular.dev/errors/NG0913. Find more at https://angular.dev/errors/NG0913 @ https://eu-assets.i.posthog.com/static/posthog-recorder.js?v=1.364.6:0
[  174895ms] [ERROR] Access to XMLHttpRequest at 'https://www.dentipro.ro/api/config/maps' from origin 'http://localhost:4200' has been blocked by CORS policy: No 'Access-Control-Allow-Origin' header is present on the requested resource. @ http://localhost:4200/:0
[  174920ms] [LOG] Angular is running in development mode. @ http://localhost:4200/@fs/Users/alec/Desktop/DentiProMain/.angular/cache/19.2.11/Dental/vite/deps/chunk-6QNI6B3L.js?v=592a6949:15033
[  174922ms] [ERROR] Failed to load resource: net::ERR_FAILED @ https://www.dentipro.ro/api/config/maps:0
[  175102ms] [WARNING] NG0913: An image with src http://localhost:4200/logo-new.webp has intrinsic file dimensions much larger than its rendered size. This can negatively impact application loading performance. For more information about addressing or disabling this warning, see https://angular.dev/errors/NG0913. Find more at https://angular.dev/errors/NG0913 @ https://eu-assets.i.posthog.com/static/posthog-recorder.js?v=1.364.6:0
[  175102ms] [WARNING] NG0913: An image with src http://localhost:4200/logo-new.webp has intrinsic file dimensions much larger than its rendered size. This can negatively impact application loading performance. For more information about addressing or disabling this warning, see https://angular.dev/errors/NG0913. Find more at https://angular.dev/errors/NG0913 @ https://eu-assets.i.posthog.com/static/posthog-recorder.js?v=1.364.6:0
[  182822ms] [ERROR] Access to XMLHttpRequest at 'https://www.dentipro.ro/api/config/maps' from origin 'http://localhost:4200' has been blocked by CORS policy: No 'Access-Control-Allow-Origin' header is present on the requested resource. @ http://localhost:4200/:0
[  182837ms] [LOG] Angular is running in development mode. @ http://localhost:4200/@fs/Users/alec/Desktop/DentiProMain/.angular/cache/19.2.11/Dental/vite/deps/chunk-6QNI6B3L.js?v=592a6949:15033
[  182840ms] [ERROR] Failed to load resource: net::ERR_FAILED @ https://www.dentipro.ro/api/config/maps:0
[  183025ms] [WARNING] NG0913: An image with src http://localhost:4200/logo-new.webp has intrinsic file dimensions much larger than its rendered size. This can negatively impact application loading performance. For more information about addressing or disabling this warning, see https://angular.dev/errors/NG0913. Find more at https://angular.dev/errors/NG0913 @ https://eu-assets.i.posthog.com/static/posthog-recorder.js?v=1.364.6:0
[  183025ms] [WARNING] NG0913: An image with src http://localhost:4200/logo-new.webp has intrinsic file dimensions much larger than its rendered size. This can negatively impact application loading performance. For more information about addressing or disabling this warning, see https://angular.dev/errors/NG0913. Find more at https://angular.dev/errors/NG0913 @ https://eu-assets.i.posthog.com/static/posthog-recorder.js?v=1.364.6:0
