[     583ms] [LOG] Angular is running in development mode. @ http://localhost:4200/@fs/Users/alec/Desktop/DentiProMain/.angular/cache/19.2.11/Dental/vite/deps/chunk-6QNI6B3L.js?v=592a6949:15033
[     767ms] [WARNING] NG0913: An image with src http://localhost:4200/logo-new.webp has intrinsic file dimensions much larger than its rendered size. This can negatively impact application loading performance. For more information about addressing or disabling this warning, see https://angular.dev/errors/NG0913. Find more at https://angular.dev/errors/NG0913 @ https://eu-assets.i.posthog.com/static/posthog-recorder.js?v=1.364.6:0
[  387361ms] [INFO] Autofocus processing was blocked because a document already has a focused element. @ https://www.google.com/search?q=&sourceid=chrome&ie=UTF-8&udm=50&aep=48&cud=0&qsubts=1781781973708&source=chrome.crn.obic&sei=1dUzarfIOPODxc8P-8CoyQo:62
[  388019ms] [ERROR] Refused to get unsafe header "X-Sg-Cs" @ https://www.google.com/search?q=&sourceid=chrome&ie=UTF-8&udm=50&aep=48&cud=0&qsubts=1781781973708&source=chrome.crn.obic&sei=1dUzarfIOPODxc8P-8CoyQo:72
[  388019ms] [ERROR] Refused to get unsafe header "X-Sorry-Redirect" @ https://www.google.com/search?q=&sourceid=chrome&ie=UTF-8&udm=50&aep=48&cud=0&qsubts=1781781973708&source=chrome.crn.obic&sei=1dUzarfIOPODxc8P-8CoyQo:72
[  388765ms] [ERROR] Refused to get unsafe header "X-Sg-Cs" @ https://www.google.com/search?q=&sourceid=chrome&ie=UTF-8&udm=50&aep=48&cud=0&qsubts=1781781973708&source=chrome.crn.obic&sei=1dUzarfIOPODxc8P-8CoyQo:72
[  388765ms] [ERROR] Refused to get unsafe header "X-Sorry-Redirect" @ https://www.google.com/search?q=&sourceid=chrome&ie=UTF-8&udm=50&aep=48&cud=0&qsubts=1781781973708&source=chrome.crn.obic&sei=1dUzarfIOPODxc8P-8CoyQo:72
[  388884ms] [ERROR] Refused to get unsafe header "X-Sg-Cs" @ https://www.google.com/search?q=&sourceid=chrome&ie=UTF-8&udm=50&aep=48&cud=0&qsubts=1781781973708&source=chrome.crn.obic&sei=1dUzarfIOPODxc8P-8CoyQo:72
[  388884ms] [ERROR] Refused to get unsafe header "X-Sorry-Redirect" @ https://www.google.com/search?q=&sourceid=chrome&ie=UTF-8&udm=50&aep=48&cud=0&qsubts=1781781973708&source=chrome.crn.obic&sei=1dUzarfIOPODxc8P-8CoyQo:72
[  389173ms] [ERROR] Refused to get unsafe header "X-Sg-Cs" @ https://www.google.com/search?q=&sourceid=chrome&ie=UTF-8&udm=50&aep=48&cud=0&qsubts=1781781973708&source=chrome.crn.obic&sei=1dUzarfIOPODxc8P-8CoyQo:72
[  389173ms] [ERROR] Refused to get unsafe header "X-Sorry-Redirect" @ https://www.google.com/search?q=&sourceid=chrome&ie=UTF-8&udm=50&aep=48&cud=0&qsubts=1781781973708&source=chrome.crn.obic&sei=1dUzarfIOPODxc8P-8CoyQo:72
[  390829ms] [LOG] Angular is running in development mode. @ http://localhost:4200/@fs/Users/alec/Desktop/DentiProMain/.angular/cache/19.2.11/Dental/vite/deps/chunk-6QNI6B3L.js?v=592a6949:15033
[  391160ms] [WARNING] NG0913: An image with src http://localhost:4200/logo-new.webp has intrinsic file dimensions much larger than its rendered size. This can negatively impact application loading performance. For more information about addressing or disabling this warning, see https://angular.dev/errors/NG0913. Find more at https://angular.dev/errors/NG0913 @ https://eu-assets.i.posthog.com/static/posthog-recorder.js?v=1.364.6:0
[  394396ms] [ERROR] Refused to get unsafe header "X-Sg-Cs" @ https://www.google.com/search?q=&sourceid=chrome&ie=UTF-8&udm=50&aep=48&cud=0&qsubts=1781781980856&source=chrome.crn.obic:46
[  394396ms] [ERROR] Refused to get unsafe header "X-Sorry-Redirect" @ https://www.google.com/search?q=&sourceid=chrome&ie=UTF-8&udm=50&aep=48&cud=0&qsubts=1781781980856&source=chrome.crn.obic:46
[  394616ms] [ERROR] Refused to get unsafe header "X-Sg-Cs" @ https://www.google.com/search?q=&sourceid=chrome&ie=UTF-8&udm=50&aep=48&cud=0&qsubts=1781781980856&source=chrome.crn.obic:46
[  394616ms] [ERROR] Refused to get unsafe header "X-Sorry-Redirect" @ https://www.google.com/search?q=&sourceid=chrome&ie=UTF-8&udm=50&aep=48&cud=0&qsubts=1781781980856&source=chrome.crn.obic:46
[  395323ms] [ERROR] Refused to get unsafe header "X-Sg-Cs" @ https://www.google.com/search?q=&sourceid=chrome&ie=UTF-8&udm=50&aep=48&cud=0&qsubts=1781781980856&source=chrome.crn.obic:46
[  395324ms] [ERROR] Refused to get unsafe header "X-Sorry-Redirect" @ https://www.google.com/search?q=&sourceid=chrome&ie=UTF-8&udm=50&aep=48&cud=0&qsubts=1781781980856&source=chrome.crn.obic:46
[  397664ms] [LOG] Angular is running in development mode. @ http://localhost:4200/@fs/Users/alec/Desktop/DentiProMain/.angular/cache/19.2.11/Dental/vite/deps/chunk-6QNI6B3L.js?v=592a6949:15033
[  397828ms] [WARNING] NG0913: An image with src http://localhost:4200/logo-new.webp has intrinsic file dimensions much larger than its rendered size. This can negatively impact application loading performance. For more information about addressing or disabling this warning, see https://angular.dev/errors/NG0913. Find more at https://angular.dev/errors/NG0913 @ https://eu-assets.i.posthog.com/static/posthog-recorder.js?v=1.364.6:0
[  607525ms] [LOG] Angular is running in development mode. @ http://localhost:4200/@fs/Users/alec/Desktop/DentiProMain/.angular/cache/19.2.11/Dental/vite/deps/chunk-6QNI6B3L.js?v=592a6949:15033
[  607712ms] [WARNING] NG0913: An image with src http://localhost:4200/logo-new.webp has intrinsic file dimensions much larger than its rendered size. This can negatively impact application loading performance. For more information about addressing or disabling this warning, see https://angular.dev/errors/NG0913. Find more at https://angular.dev/errors/NG0913 @ https://eu-assets.i.posthog.com/static/posthog-recorder.js?v=1.364.6:0
[  612470ms] [LOG] Angular is running in development mode. @ http://localhost:4200/@fs/Users/alec/Desktop/DentiProMain/.angular/cache/19.2.11/Dental/vite/deps/chunk-6QNI6B3L.js?v=592a6949:15033
[  612662ms] [WARNING] NG0913: An image with src http://localhost:4200/logo-new.webp has intrinsic file dimensions much larger than its rendered size. This can negatively impact application loading performance. For more information about addressing or disabling this warning, see https://angular.dev/errors/NG0913. Find more at https://angular.dev/errors/NG0913 @ https://eu-assets.i.posthog.com/static/posthog-recorder.js?v=1.364.6:0
[  659399ms] [LOG] Angular is running in development mode. @ http://localhost:4200/@fs/Users/alec/Desktop/DentiProMain/.angular/cache/19.2.11/Dental/vite/deps/chunk-6QNI6B3L.js?v=592a6949:15033
[  659584ms] [WARNING] NG0913: An image with src http://localhost:4200/logo-new.webp has intrinsic file dimensions much larger than its rendered size. This can negatively impact application loading performance. For more information about addressing or disabling this warning, see https://angular.dev/errors/NG0913. Find more at https://angular.dev/errors/NG0913 @ https://eu-assets.i.posthog.com/static/posthog-recorder.js?v=1.364.6:0
[  687413ms] [LOG] Angular is running in development mode. @ http://localhost:4200/@fs/Users/alec/Desktop/DentiProMain/.angular/cache/19.2.11/Dental/vite/deps/chunk-6QNI6B3L.js?v=592a6949:15033
[  687599ms] [WARNING] NG0913: An image with src http://localhost:4200/logo-new.webp has intrinsic file dimensions much larger than its rendered size. This can negatively impact application loading performance. For more information about addressing or disabling this warning, see https://angular.dev/errors/NG0913. Find more at https://angular.dev/errors/NG0913 @ https://eu-assets.i.posthog.com/static/posthog-recorder.js?v=1.364.6:0
