[    6496ms] [LOG] Angular is running in development mode. @ http://localhost:4200/@fs/Users/alec/Desktop/DentiProMain/.angular/cache/19.2.11/Dental/vite/deps/chunk-6QNI6B3L.js?v=592a6949:15033
[    6729ms] [WARNING] NG0913: An image with src http://localhost:4200/logo-new.webp has intrinsic file dimensions much larger than its rendered size. This can negatively impact application loading performance. For more information about addressing or disabling this warning, see https://angular.dev/errors/NG0913. Find more at https://angular.dev/errors/NG0913 @ https://eu-assets.i.posthog.com/static/posthog-recorder.js?v=1.364.6:0
[    6730ms] [WARNING] NG0913: An image with src http://localhost:4200/logo-new.webp has intrinsic file dimensions much larger than its rendered size. This can negatively impact application loading performance. For more information about addressing or disabling this warning, see https://angular.dev/errors/NG0913. Find more at https://angular.dev/errors/NG0913 @ https://eu-assets.i.posthog.com/static/posthog-recorder.js?v=1.364.6:0
[  630411ms] [LOG] Angular is running in development mode. @ http://localhost:4200/@fs/Users/alec/Desktop/DentiProMain/.angular/cache/19.2.11/Dental/vite/deps/chunk-6QNI6B3L.js?v=592a6949:15033
[  630586ms] [WARNING] NG0913: An image with src http://localhost:4200/logo-new.webp has intrinsic file dimensions much larger than its rendered size. This can negatively impact application loading performance. For more information about addressing or disabling this warning, see https://angular.dev/errors/NG0913. Find more at https://angular.dev/errors/NG0913 @ http://localhost:4200/@fs/Users/alec/Desktop/DentiProMain/.angular/cache/19.2.11/Dental/vite/deps/chunk-6QNI6B3L.js?v=592a6949:23015
[  745484ms] [LOG] Angular is running in development mode. @ http://localhost:4200/@fs/Users/alec/Desktop/DentiProMain/.angular/cache/19.2.11/Dental/vite/deps/chunk-6QNI6B3L.js?v=592a6949:15033
[  745668ms] [WARNING] NG0913: An image with src http://localhost:4200/logo-new.webp has intrinsic file dimensions much larger than its rendered size. This can negatively impact application loading performance. For more information about addressing or disabling this warning, see https://angular.dev/errors/NG0913. Find more at https://angular.dev/errors/NG0913 @ https://eu-assets.i.posthog.com/static/posthog-recorder.js?v=1.364.6:0
[  848552ms] [LOG] Angular is running in development mode. @ http://localhost:4200/@fs/Users/alec/Desktop/DentiProMain/.angular/cache/19.2.11/Dental/vite/deps/chunk-6QNI6B3L.js?v=592a6949:15033
[  848742ms] [WARNING] NG0913: An image with src http://localhost:4200/logo-new.webp has intrinsic file dimensions much larger than its rendered size. This can negatively impact application loading performance. For more information about addressing or disabling this warning, see https://angular.dev/errors/NG0913. Find more at https://angular.dev/errors/NG0913 @ https://eu-assets.i.posthog.com/static/posthog-recorder.js?v=1.364.6:0
[  947074ms] [LOG] Angular is running in development mode. @ http://localhost:4200/@fs/Users/alec/Desktop/DentiProMain/.angular/cache/19.2.11/Dental/vite/deps/chunk-6QNI6B3L.js?v=592a6949:15033
[  947264ms] [WARNING] NG0913: An image with src http://localhost:4200/logo-new.webp has intrinsic file dimensions much larger than its rendered size. This can negatively impact application loading performance. For more information about addressing or disabling this warning, see https://angular.dev/errors/NG0913. Find more at https://angular.dev/errors/NG0913 @ https://eu-assets.i.posthog.com/static/posthog-recorder.js?v=1.364.6:0
[ 1402749ms] [LOG] Angular is running in development mode. @ http://localhost:4200/@fs/Users/alec/Desktop/DentiProMain/.angular/cache/19.2.11/Dental/vite/deps/chunk-6QNI6B3L.js?v=592a6949:15033
[ 1402918ms] [WARNING] NG0913: An image with src http://localhost:4200/logo-new.webp has intrinsic file dimensions much larger than its rendered size. This can negatively impact application loading performance. For more information about addressing or disabling this warning, see https://angular.dev/errors/NG0913. Find more at https://angular.dev/errors/NG0913 @ https://eu-assets.i.posthog.com/static/posthog-recorder.js?v=1.364.6:0
[ 1425050ms] [LOG] Angular is running in development mode. @ http://localhost:4200/@fs/Users/alec/Desktop/DentiProMain/.angular/cache/19.2.11/Dental/vite/deps/chunk-6QNI6B3L.js?v=592a6949:15033
[ 1425242ms] [WARNING] NG0913: An image with src http://localhost:4200/logo-new.webp has intrinsic file dimensions much larger than its rendered size. This can negatively impact application loading performance. For more information about addressing or disabling this warning, see https://angular.dev/errors/NG0913. Find more at https://angular.dev/errors/NG0913 @ https://eu-assets.i.posthog.com/static/posthog-recorder.js?v=1.364.6:0
[ 1629885ms] [LOG] Angular is running in development mode. @ http://localhost:4200/@fs/Users/alec/Desktop/DentiProMain/.angular/cache/19.2.11/Dental/vite/deps/chunk-6QNI6B3L.js?v=592a6949:15033
[ 1630058ms] [WARNING] NG0913: An image with src http://localhost:4200/logo-new.webp has intrinsic file dimensions much larger than its rendered size. This can negatively impact application loading performance. For more information about addressing or disabling this warning, see https://angular.dev/errors/NG0913. Find more at https://angular.dev/errors/NG0913 @ https://eu-assets.i.posthog.com/static/posthog-recorder.js?v=1.364.6:0
[ 1985176ms] [LOG] Angular is running in development mode. @ http://localhost:4200/@fs/Users/alec/Desktop/DentiProMain/.angular/cache/19.2.11/Dental/vite/deps/chunk-6QNI6B3L.js?v=592a6949:15033
[ 1985354ms] [WARNING] NG0913: An image with src http://localhost:4200/logo-new.webp has intrinsic file dimensions much larger than its rendered size. This can negatively impact application loading performance. For more information about addressing or disabling this warning, see https://angular.dev/errors/NG0913. Find more at https://angular.dev/errors/NG0913 @ https://eu-assets.i.posthog.com/static/posthog-recorder.js?v=1.364.6:0
[12298653ms] [LOG] Angular is running in development mode. @ http://localhost:4200/@fs/Users/alec/Desktop/DentiProMain/.angular/cache/19.2.11/Dental/vite/deps/chunk-6QNI6B3L.js?v=592a6949:15033
[12298838ms] [WARNING] NG0913: An image with src http://localhost:4200/logo-new.webp has intrinsic file dimensions much larger than its rendered size. This can negatively impact application loading performance. For more information about addressing or disabling this warning, see https://angular.dev/errors/NG0913. Find more at https://angular.dev/errors/NG0913 @ https://eu-assets.i.posthog.com/static/posthog-recorder.js?v=1.364.6:0
[13387788ms] [LOG] Angular is running in development mode. @ http://localhost:4200/@fs/Users/alec/Desktop/DentiProMain/.angular/cache/19.2.11/Dental/vite/deps/chunk-6QNI6B3L.js?v=592a6949:15033
[13387990ms] [WARNING] NG0913: An image with src http://localhost:4200/logo-new.webp has intrinsic file dimensions much larger than its rendered size. This can negatively impact application loading performance. For more information about addressing or disabling this warning, see https://angular.dev/errors/NG0913. Find more at https://angular.dev/errors/NG0913 @ https://eu-assets.i.posthog.com/static/posthog-recorder.js?v=1.364.6:0
[13392718ms] [LOG] Angular is running in development mode. @ http://localhost:4200/@fs/Users/alec/Desktop/DentiProMain/.angular/cache/19.2.11/Dental/vite/deps/chunk-6QNI6B3L.js?v=592a6949:15033
[13392908ms] [WARNING] NG0913: An image with src http://localhost:4200/logo-new.webp has intrinsic file dimensions much larger than its rendered size. This can negatively impact application loading performance. For more information about addressing or disabling this warning, see https://angular.dev/errors/NG0913. Find more at https://angular.dev/errors/NG0913 @ https://eu-assets.i.posthog.com/static/posthog-recorder.js?v=1.364.6:0
[13439668ms] [LOG] Angular is running in development mode. @ http://localhost:4200/@fs/Users/alec/Desktop/DentiProMain/.angular/cache/19.2.11/Dental/vite/deps/chunk-6QNI6B3L.js?v=592a6949:15033
[13439857ms] [WARNING] NG0913: An image with src http://localhost:4200/logo-new.webp has intrinsic file dimensions much larger than its rendered size. This can negatively impact application loading performance. For more information about addressing or disabling this warning, see https://angular.dev/errors/NG0913. Find more at https://angular.dev/errors/NG0913 @ https://eu-assets.i.posthog.com/static/posthog-recorder.js?v=1.364.6:0
[13467669ms] [LOG] Angular is running in development mode. @ http://localhost:4200/@fs/Users/alec/Desktop/DentiProMain/.angular/cache/19.2.11/Dental/vite/deps/chunk-6QNI6B3L.js?v=592a6949:15033
[13467857ms] [WARNING] NG0913: An image with src http://localhost:4200/logo-new.webp has intrinsic file dimensions much larger than its rendered size. This can negatively impact application loading performance. For more information about addressing or disabling this warning, see https://angular.dev/errors/NG0913. Find more at https://angular.dev/errors/NG0913 @ https://eu-assets.i.posthog.com/static/posthog-recorder.js?v=1.364.6:0
[15977280ms] [ERROR] Access to XMLHttpRequest at 'https://www.dentipro.ro/api/config/maps' from origin 'http://localhost:4200' has been blocked by CORS policy: No 'Access-Control-Allow-Origin' header is present on the requested resource. @ http://localhost:4200/clinici:0
[15977309ms] [LOG] Angular is running in development mode. @ http://localhost:4200/@fs/Users/alec/Desktop/DentiProMain/.angular/cache/19.2.11/Dental/vite/deps/chunk-6QNI6B3L.js?v=592a6949:15033
[15977314ms] [ERROR] Failed to load resource: net::ERR_FAILED @ https://www.dentipro.ro/api/config/maps:0
[15977486ms] [WARNING] NG0913: An image with src http://localhost:4200/logo-new.webp has intrinsic file dimensions much larger than its rendered size. This can negatively impact application loading performance. For more information about addressing or disabling this warning, see https://angular.dev/errors/NG0913. Find more at https://angular.dev/errors/NG0913 @ https://eu-assets.i.posthog.com/static/posthog-recorder.js?v=1.364.6:0
[15986708ms] [ERROR] Access to XMLHttpRequest at 'https://www.dentipro.ro/api/config/maps' from origin 'http://localhost:4200' has been blocked by CORS policy: No 'Access-Control-Allow-Origin' header is present on the requested resource. @ http://localhost:4200/clinici:0
[15986723ms] [LOG] Angular is running in development mode. @ http://localhost:4200/@fs/Users/alec/Desktop/DentiProMain/.angular/cache/19.2.11/Dental/vite/deps/chunk-6QNI6B3L.js?v=592a6949:15033
[15986725ms] [ERROR] Failed to load resource: net::ERR_FAILED @ https://www.dentipro.ro/api/config/maps:0
[15986936ms] [WARNING] NG0913: An image with src http://localhost:4200/logo-new.webp has intrinsic file dimensions much larger than its rendered size. This can negatively impact application loading performance. For more information about addressing or disabling this warning, see https://angular.dev/errors/NG0913. Find more at https://angular.dev/errors/NG0913 @ https://eu-assets.i.posthog.com/static/posthog-recorder.js?v=1.364.6:0
[15995562ms] [ERROR] Access to XMLHttpRequest at 'https://www.dentipro.ro/api/config/maps' from origin 'http://localhost:4200' has been blocked by CORS policy: No 'Access-Control-Allow-Origin' header is present on the requested resource. @ http://localhost:4200/clinici:0
[15995579ms] [LOG] Angular is running in development mode. @ http://localhost:4200/@fs/Users/alec/Desktop/DentiProMain/.angular/cache/19.2.11/Dental/vite/deps/chunk-6QNI6B3L.js?v=592a6949:15033
[15995580ms] [ERROR] Failed to load resource: net::ERR_FAILED @ https://www.dentipro.ro/api/config/maps:0
[15995768ms] [WARNING] NG0913: An image with src http://localhost:4200/logo-new.webp has intrinsic file dimensions much larger than its rendered size. This can negatively impact application loading performance. For more information about addressing or disabling this warning, see https://angular.dev/errors/NG0913. Find more at https://angular.dev/errors/NG0913 @ https://eu-assets.i.posthog.com/static/posthog-recorder.js?v=1.364.6:0
[16064914ms] [ERROR] Access to XMLHttpRequest at 'https://www.dentipro.ro/api/config/maps' from origin 'http://localhost:4200' has been blocked by CORS policy: No 'Access-Control-Allow-Origin' header is present on the requested resource. @ http://localhost:4200/clinici:0
[16064951ms] [LOG] Angular is running in development mode. @ http://localhost:4200/@fs/Users/alec/Desktop/DentiProMain/.angular/cache/19.2.11/Dental/vite/deps/chunk-6QNI6B3L.js?v=592a6949:15033
[16064954ms] [ERROR] Failed to load resource: net::ERR_FAILED @ https://www.dentipro.ro/api/config/maps:0
[16065155ms] [WARNING] NG0913: An image with src http://localhost:4200/logo-new.webp has intrinsic file dimensions much larger than its rendered size. This can negatively impact application loading performance. For more information about addressing or disabling this warning, see https://angular.dev/errors/NG0913. Find more at https://angular.dev/errors/NG0913 @ https://eu-assets.i.posthog.com/static/posthog-recorder.js?v=1.364.6:0
[16072439ms] [ERROR] Access to XMLHttpRequest at 'https://www.dentipro.ro/api/config/maps' from origin 'http://localhost:4200' has been blocked by CORS policy: No 'Access-Control-Allow-Origin' header is present on the requested resource. @ http://localhost:4200/clinici:0
[16072458ms] [LOG] Angular is running in development mode. @ http://localhost:4200/@fs/Users/alec/Desktop/DentiProMain/.angular/cache/19.2.11/Dental/vite/deps/chunk-6QNI6B3L.js?v=592a6949:15033
[16072459ms] [ERROR] Failed to load resource: net::ERR_FAILED @ https://www.dentipro.ro/api/config/maps:0
[16072661ms] [WARNING] NG0913: An image with src http://localhost:4200/logo-new.webp has intrinsic file dimensions much larger than its rendered size. This can negatively impact application loading performance. For more information about addressing or disabling this warning, see https://angular.dev/errors/NG0913. Find more at https://angular.dev/errors/NG0913 @ https://eu-assets.i.posthog.com/static/posthog-recorder.js?v=1.364.6:0
[16262601ms] [ERROR] Access to XMLHttpRequest at 'https://www.dentipro.ro/api/config/maps' from origin 'http://localhost:4200' has been blocked by CORS policy: No 'Access-Control-Allow-Origin' header is present on the requested resource. @ http://localhost:4200/clinici:0
[16262614ms] [LOG] Angular is running in development mode. @ http://localhost:4200/@fs/Users/alec/Desktop/DentiProMain/.angular/cache/19.2.11/Dental/vite/deps/chunk-6QNI6B3L.js?v=592a6949:15033
[16262616ms] [ERROR] Failed to load resource: net::ERR_FAILED @ https://www.dentipro.ro/api/config/maps:0
[16262802ms] [WARNING] NG0913: An image with src http://localhost:4200/logo-new.webp has intrinsic file dimensions much larger than its rendered size. This can negatively impact application loading performance. For more information about addressing or disabling this warning, see https://angular.dev/errors/NG0913. Find more at https://angular.dev/errors/NG0913 @ https://eu-assets.i.posthog.com/static/posthog-recorder.js?v=1.364.6:0
[16271934ms] [ERROR] Access to XMLHttpRequest at 'https://www.dentipro.ro/api/config/maps' from origin 'http://localhost:4200' has been blocked by CORS policy: No 'Access-Control-Allow-Origin' header is present on the requested resource. @ http://localhost:4200/clinici:0
[16271951ms] [LOG] Angular is running in development mode. @ http://localhost:4200/@fs/Users/alec/Desktop/DentiProMain/.angular/cache/19.2.11/Dental/vite/deps/chunk-6QNI6B3L.js?v=592a6949:15033
[16271952ms] [ERROR] Failed to load resource: net::ERR_FAILED @ https://www.dentipro.ro/api/config/maps:0
[16272146ms] [WARNING] NG0913: An image with src http://localhost:4200/logo-new.webp has intrinsic file dimensions much larger than its rendered size. This can negatively impact application loading performance. For more information about addressing or disabling this warning, see https://angular.dev/errors/NG0913. Find more at https://angular.dev/errors/NG0913 @ https://eu-assets.i.posthog.com/static/posthog-recorder.js?v=1.364.6:0
[17775809ms] [LOG] Angular is running in development mode. @ http://localhost:4200/@fs/Users/alec/Desktop/DentiProMain/.angular/cache/19.2.11/Dental/vite/deps/chunk-6QNI6B3L.js?v=592a6949:15033
[17776639ms] [WARNING] NG0913: An image with src http://localhost:4200/logo-new.webp has intrinsic file dimensions much larger than its rendered size. This can negatively impact application loading performance. For more information about addressing or disabling this warning, see https://angular.dev/errors/NG0913. Find more at https://angular.dev/errors/NG0913 @ https://eu-assets.i.posthog.com/static/posthog-recorder.js?v=1.364.6:0
[17792026ms] [LOG] Angular is running in development mode. @ http://localhost:4200/@fs/Users/alec/Desktop/DentiProMain/.angular/cache/19.2.11/Dental/vite/deps/chunk-6QNI6B3L.js?v=592a6949:15033
[17792215ms] [ERROR] ERROR HttpErrorResponse @ https://eu-assets.i.posthog.com/static/posthog-recorder.js?v=1.364.6:0
[17792457ms] [WARNING] NG0913: An image with src http://localhost:4200/logo-new.webp has intrinsic file dimensions much larger than its rendered size. This can negatively impact application loading performance. For more information about addressing or disabling this warning, see https://angular.dev/errors/NG0913. Find more at https://angular.dev/errors/NG0913 @ https://eu-assets.i.posthog.com/static/posthog-recorder.js?v=1.364.6:0
[17804317ms] [LOG] Angular is running in development mode. @ http://localhost:4200/@fs/Users/alec/Desktop/DentiProMain/.angular/cache/19.2.11/Dental/vite/deps/chunk-6QNI6B3L.js?v=592a6949:15033
[17804417ms] [WARNING] NG0913: An image with src http://localhost:4200/logo-new.webp has intrinsic file dimensions much larger than its rendered size. This can negatively impact application loading performance. For more information about addressing or disabling this warning, see https://angular.dev/errors/NG0913. Find more at https://angular.dev/errors/NG0913 @ https://eu-assets.i.posthog.com/static/posthog-recorder.js?v=1.364.6:0
[17804616ms] [ERROR] ERROR HttpErrorResponse @ https://eu-assets.i.posthog.com/static/posthog-recorder.js?v=1.364.6:0
[17823837ms] [LOG] Angular is running in development mode. @ http://localhost:4200/@fs/Users/alec/Desktop/DentiProMain/.angular/cache/19.2.11/Dental/vite/deps/chunk-6QNI6B3L.js?v=592a6949:15033
[17824135ms] [ERROR] ERROR HttpErrorResponse @ https://eu-assets.i.posthog.com/static/posthog-recorder.js?v=1.364.6:0
[17824137ms] [WARNING] NG0913: An image with src http://localhost:4200/logo-new.webp has intrinsic file dimensions much larger than its rendered size. This can negatively impact application loading performance. For more information about addressing or disabling this warning, see https://angular.dev/errors/NG0913. Find more at https://angular.dev/errors/NG0913 @ https://eu-assets.i.posthog.com/static/posthog-recorder.js?v=1.364.6:0
